14:35:43 **** Build of configuration Debug for project standalone_bsp_0_xadcps_polled_printf_example_1 ****
make all 
'Building file: ../src/xadcps_polled_printf_example.c'
'Invoking: ARM gcc compiler'
arm-xilinx-eabi-gcc -Wall -O0 -g3 -c -fmessage-length=0 -MT"src/xadcps_polled_printf_example.o" -I../../standalone_bsp_0/ps7_cortexa9_0/include -MMD -MP -MF"src/xadcps_polled_printf_example.d" -MT"src/xadcps_polled_printf_example.d" -o "src/xadcps_polled_printf_example.o" "../src/xadcps_polled_printf_example.c"
'Finished building: ../src/xadcps_polled_printf_example.c'
' '
'Building target: standalone_bsp_0_xadcps_polled_printf_example_1.elf'
'Invoking: ARM gcc linker'
arm-xilinx-eabi-gcc -Wl,-T -Wl,../src/lscript.ld -L../../standalone_bsp_0/ps7_cortexa9_0/lib -o "standalone_bsp_0_xadcps_polled_printf_example_1.elf"  ./src/xadcps_polled_printf_example.o   -Wl,--start-group,-lxil,-lgcc,-lc,--end-group -Wl,--start-group,-lxil,-llwip4,-lgcc,-lc,--end-group -Wl,--start-group,-lxilffs,-lxil,-lgcc,-lc,--end-group -Wl,--start-group,-lrsa,-lxil,-lgcc,-lc,--end-group
'Finished building target: standalone_bsp_0_xadcps_polled_printf_example_1.elf'
' '
'Invoking: ARM Print Size'
arm-xilinx-eabi-size standalone_bsp_0_xadcps_polled_printf_example_1.elf  |tee "standalone_bsp_0_xadcps_polled_printf_example_1.elf.size"
   text	   data	    bss	    dec	    hex	filename
  31268	   1160	  22596	  55024	   d6f0	standalone_bsp_0_xadcps_polled_printf_example_1.elf
'Finished building: standalone_bsp_0_xadcps_polled_printf_example_1.elf.size'
' '

14:35:44 Build Finished (took 1s.42ms)

